// Jest Snapshot v1, https://goo.gl/fbAQLP

exports[`HintPin must render as expected 1`] = `
<div
  class="sc-bdfBQB sc-gsTEea ioqCIK iBEhSO"
/>
`;
