// Jest Snapshot v1, https://goo.gl/fbAQLP

exports[`SelectablePin must render as expected 1`] = `
<div
  class="sc-bdfBQB sc-gsTEea ioqCIK dCYNna"
/>
`;
