// Jest Snapshot v1, https://goo.gl/fbAQLP

exports[`PinSmall must render as expected 1`] = `
<div
  class="sc-bdfBQB sc-gsTEea ioqCIK iMMHHS"
/>
`;
